// Jest Snapshot v1, https://goo.gl/fbAQLP

exports[`renders correctly 1`] = `
<View
  style={
    Object {
      "alignItems": "center",
      "flex": 1,
      "justifyContent": "center",
    }
  }
>
  <Text
    collapsable={false}
    style={
      Object {
        "position": "absolute",
        "top": -20,
      }
    }
  >
    Hello Splash wow
  </Text>
</View>
`;
